{"8":"FIX.4.4","9":"01944","35":"8","49":"sender","56":"target","34":"3951","50":"O001","142":"US,NY","52":"20200520-19:15:45.134","116":"john","129":"taylor","37":"07491773","198":"78652655716","526":"1589738524192","527":"07491773-88e4a2169:4","11":"1589997254902","41":"19997254901","10011":"42","453":[{"448":"1","452":"205","447":"D"},{"448":"FIX_OUT","452":"83","447":"D"}],"17":"78663","150":"Z","18":"2","39":"0","1":"out","55":"3D","107":"long value here","460":"14","48":"16735443526687","167":"MLEG","762":"Strip","200":"202007","541":"20200701","205":"1","207":"IEX","461":"FMMXSX","15":"USD","54":"18765","38":"10","40":"2","44":"2900","59":"0","151":"10","14":"0","6":"0","60":"20200520-19:15:45.099000","77":"O","442":"3","1028":"N","582":"1","21":"1","454":[{"455":"PA","456":"99"},{"455":"some-here","456":"98"},{"455":"3D something","456":"97"},{"455":"106723","456":"8"}],"555":[{"600":"3D","620":"some long value","607":"14","602":"168921002590820","603":"96","609":"FUT","610":"202007","611":"20200730","616":"IEX","608":"FMXSX","624":"1","623":"1","556":"USD","654":"1","604":[{"605":"PA","606":"99"},{"605":"2DN0","606":"98"},{"605":"3D Jul20","606":"97"},{"605":"1M2MN0","606":"5"},{"605":"48304","606":"8"}]},{"600":"3D","620":"some long value","607":"14","602":"1287304730621","603":"96","609":"FUT","610":"202008","611":"20200831","616":"IEX","608":"FMXSX","624":"1","623":"1","556":"USD","654":"2","604":[{"605":"PA","606":"99"},{"605":"2DQ0","606":"98"},{"605":"3D Aug20","606":"97"},{"605":"1M2MQ0","606":"5"},{"605":"48610","606":"8"}]},{"600":"3D","620":"long value","607":"14","602":"78779119978","603":"96","609":"FUT","610":"202009","611":"20200930","616":"IEX","608":"FMXSX","624":"1","623":"1","556":"USD","654":"3","604":[{"605":"PA","606":"99"},{"605":"2DU0","606":"98"},{"605":"3D some","606":"97"},{"605":"1M2MU0","606":"5"},{"605":"45945","606":"8"}]}],"30":"HJGU","1031":"W","10":"139"}
