{"8":"FIX.4.4","555":[{"604":[{"605":"F7"},{"605":"CGYU0"}]},{"604":[{"605":"F7"},{"605":"CGYM0"}]}],"10":"209"}
